[2020-07-09T00:31:31.508+0000][0.009s] Heap region size: 1M
[2020-07-09T00:31:31.527+0000][0.028s] Using G1
[2020-07-09T00:31:31.527+0000][0.029s] Heap address: 0x00000000e0000000, size: 512 MB, Compressed Oops mode: 32-bit
[2020-07-09T00:31:32.674+0000][1.175s] GC(0) Pause Young (Normal) (G1 Evacuation Pause)
[2020-07-09T00:31:32.676+0000][1.177s] GC(0) Using 4 workers of 4 for evacuation
[2020-07-09T00:31:32.688+0000][1.189s] GC(0)   Pre Evacuate Collection Set: 0.0ms
[2020-07-09T00:31:32.688+0000][1.190s] GC(0)   Evacuate Collection Set: 9.2ms
[2020-07-09T00:31:32.689+0000][1.190s] GC(0)   Post Evacuate Collection Set: 2.0ms
[2020-07-09T00:31:32.690+0000][1.191s] GC(0)   Other: 2.9ms
[2020-07-09T00:31:32.690+0000][1.191s] GC(0) Eden regions: 25->0(303)
[2020-07-09T00:31:32.690+0000][1.192s] GC(0) Survivor regions: 0->4(4)
[2020-07-09T00:31:32.691+0000][1.192s] GC(0) Old regions: 0->0
[2020-07-09T00:31:32.691+0000][1.193s] GC(0) Humongous regions: 0->0
[2020-07-09T00:31:32.692+0000][1.193s] GC(0) Metaspace: 12076K->12076K(1060864K)
[2020-07-09T00:31:32.693+0000][1.194s] GC(0) Pause Young (Normal) (G1 Evacuation Pause) 25M->3M(512M) 18.850ms
[2020-07-09T00:31:32.693+0000][1.195s] GC(0) User=0.02s Sys=0.01s Real=0.02s
[2020-07-09T00:31:33.753+0000][2.254s] GC(1) Pause Young (Concurrent Start) (Metadata GC Threshold)
[2020-07-09T00:31:33.754+0000][2.255s] GC(1) Using 4 workers of 4 for evacuation
[2020-07-09T00:31:33.793+0000][2.294s] GC(1)   Pre Evacuate Collection Set: 0.1ms
[2020-07-09T00:31:33.794+0000][2.295s] GC(1)   Evacuate Collection Set: 35.1ms
[2020-07-09T00:31:33.794+0000][2.296s] GC(1)   Post Evacuate Collection Set: 2.7ms
[2020-07-09T00:31:33.795+0000][2.297s] GC(1)   Other: 1.9ms
[2020-07-09T00:31:33.796+0000][2.297s] GC(1) Eden regions: 29->0(60)
[2020-07-09T00:31:33.796+0000][2.298s] GC(1) Survivor regions: 4->12(38)
[2020-07-09T00:31:33.797+0000][2.298s] GC(1) Old regions: 0->0
[2020-07-09T00:31:33.797+0000][2.299s] GC(1) Humongous regions: 4->4
[2020-07-09T00:31:33.798+0000][2.300s] GC(1) Metaspace: 20565K->20565K(1069056K)
[2020-07-09T00:31:33.799+0000][2.300s] GC(1) Pause Young (Concurrent Start) (Metadata GC Threshold) 35M->15M(512M) 45.893ms
[2020-07-09T00:31:33.799+0000][2.301s] GC(1) User=0.04s Sys=0.05s Real=0.04s
[2020-07-09T00:31:33.800+0000][2.301s] GC(2) Concurrent Cycle
[2020-07-09T00:31:33.800+0000][2.302s] GC(2) Concurrent Clear Claimed Marks
[2020-07-09T00:31:33.801+0000][2.302s] GC(2) Concurrent Clear Claimed Marks 0.466ms
[2020-07-09T00:31:33.801+0000][2.303s] GC(2) Concurrent Scan Root Regions
[2020-07-09T00:31:33.816+0000][2.318s] GC(2) Concurrent Scan Root Regions 14.759ms
[2020-07-09T00:31:33.817+0000][2.318s] GC(2) Concurrent Mark (2.318s)
[2020-07-09T00:31:33.817+0000][2.319s] GC(2) Concurrent Mark From Roots
[2020-07-09T00:31:33.818+0000][2.319s] GC(2) Using 1 workers of 1 for marking
[2020-07-09T00:31:33.824+0000][2.325s] GC(2) Concurrent Mark From Roots 6.202ms
[2020-07-09T00:31:33.824+0000][2.326s] GC(2) Concurrent Preclean
[2020-07-09T00:31:33.825+0000][2.326s] GC(2) Concurrent Preclean 0.714ms
[2020-07-09T00:31:33.825+0000][2.327s] GC(2) Concurrent Mark (2.318s, 2.327s) 8.662ms
[2020-07-09T00:31:33.826+0000][2.328s] GC(2) Pause Remark
[2020-07-09T00:31:33.830+0000][2.332s] GC(2) Cleaned string and symbol table, strings: 10809 processed, 0 removed, symbols: 64050 processed, 18 removed
[2020-07-09T00:31:33.832+0000][2.333s] GC(2) Pause Remark 16M->16M(512M) 5.488ms
[2020-07-09T00:31:33.832+0000][2.334s] GC(2) User=0.01s Sys=0.00s Real=0.00s
[2020-07-09T00:31:33.833+0000][2.335s] GC(2) Concurrent Rebuild Remembered Sets
[2020-07-09T00:31:33.837+0000][2.338s] GC(2) Concurrent Rebuild Remembered Sets 3.512ms
[2020-07-09T00:31:33.837+0000][2.339s] GC(2) Pause Cleanup
[2020-07-09T00:31:33.839+0000][2.340s] GC(2) Pause Cleanup 16M->16M(512M) 1.608ms
[2020-07-09T00:31:33.840+0000][2.341s] GC(2) User=0.00s Sys=0.00s Real=0.00s
[2020-07-09T00:31:33.841+0000][2.342s] GC(2) Concurrent Cleanup for Next Mark
[2020-07-09T00:31:33.842+0000][2.344s] GC(2) Concurrent Cleanup for Next Mark 1.765ms
[2020-07-09T00:31:33.843+0000][2.345s] GC(2) Concurrent Cycle 43.160ms
[2020-07-09T00:31:34.524+0000][3.026s] GC(3) Pause Young (Normal) (G1 Evacuation Pause)
[2020-07-09T00:31:34.525+0000][3.027s] GC(3) Using 4 workers of 4 for evacuation
[2020-07-09T00:31:34.601+0000][3.103s] GC(3)   Pre Evacuate Collection Set: 0.1ms
[2020-07-09T00:31:34.602+0000][3.103s] GC(3)   Evacuate Collection Set: 70.4ms
[2020-07-09T00:31:34.603+0000][3.104s] GC(3)   Post Evacuate Collection Set: 3.4ms
[2020-07-09T00:31:34.603+0000][3.105s] GC(3)   Other: 3.2ms
[2020-07-09T00:31:34.604+0000][3.106s] GC(3) Eden regions: 31->0(39)
[2020-07-09T00:31:34.605+0000][3.106s] GC(3) Survivor regions: 12->6(6)
[2020-07-09T00:31:34.606+0000][3.107s] GC(3) Old regions: 0->13
[2020-07-09T00:31:34.607+0000][3.108s] GC(3) Humongous regions: 4->4
[2020-07-09T00:31:34.608+0000][3.109s] GC(3) Metaspace: 22915K->22915K(1071104K)
[2020-07-09T00:31:34.608+0000][3.110s] GC(3) Pause Young (Normal) (G1 Evacuation Pause) 46M->22M(512M) 84.379ms
[2020-07-09T00:31:34.610+0000][3.111s] GC(3) User=0.15s Sys=0.08s Real=0.08s
[2020-07-09T00:31:35.686+0000][4.188s] GC(4) Pause Young (Normal) (G1 Evacuation Pause)
[2020-07-09T00:31:35.687+0000][4.188s] GC(4) Using 4 workers of 4 for evacuation
[2020-07-09T00:31:35.693+0000][4.195s] GC(4)   Pre Evacuate Collection Set: 0.1ms
[2020-07-09T00:31:35.694+0000][4.195s] GC(4)   Evacuate Collection Set: 4.4ms
[2020-07-09T00:31:35.694+0000][4.196s] GC(4)   Post Evacuate Collection Set: 1.3ms
[2020-07-09T00:31:35.695+0000][4.196s] GC(4)   Other: 1.5ms
[2020-07-09T00:31:35.695+0000][4.197s] GC(4) Eden regions: 39->0(61)
[2020-07-09T00:31:35.696+0000][4.197s] GC(4) Survivor regions: 6->1(6)
[2020-07-09T00:31:35.696+0000][4.198s] GC(4) Old regions: 13->19
[2020-07-09T00:31:35.697+0000][4.198s] GC(4) Humongous regions: 4->4
[2020-07-09T00:31:35.697+0000][4.199s] GC(4) Metaspace: 26369K->26369K(1073152K)
[2020-07-09T00:31:35.698+0000][4.199s] GC(4) Pause Young (Normal) (G1 Evacuation Pause) 61M->23M(512M) 11.772ms
[2020-07-09T00:31:35.698+0000][4.200s] GC(4) User=0.01s Sys=0.02s Real=0.01s
[2020-07-09T00:31:37.240+0000][5.742s] GC(5) Pause Young (Normal) (G1 Evacuation Pause)
[2020-07-09T00:31:37.241+0000][5.743s] GC(5) Using 4 workers of 4 for evacuation
[2020-07-09T00:31:37.265+0000][5.767s] GC(5)   Pre Evacuate Collection Set: 0.1ms
[2020-07-09T00:31:37.266+0000][5.768s] GC(5)   Evacuate Collection Set: 21.0ms
[2020-07-09T00:31:37.266+0000][5.768s] GC(5)   Post Evacuate Collection Set: 2.0ms
[2020-07-09T00:31:37.267+0000][5.769s] GC(5)   Other: 1.8ms
[2020-07-09T00:31:37.268+0000][5.769s] GC(5) Eden regions: 61->0(93)
[2020-07-09T00:31:37.268+0000][5.770s] GC(5) Survivor regions: 1->4(8)
[2020-07-09T00:31:37.269+0000][5.770s] GC(5) Old regions: 19->19
[2020-07-09T00:31:37.269+0000][5.771s] GC(5) Humongous regions: 4->4
[2020-07-09T00:31:37.270+0000][5.771s] GC(5) Metaspace: 34752K->34752K(1081344K)
[2020-07-09T00:31:37.270+0000][5.772s] GC(5) Pause Young (Normal) (G1 Evacuation Pause) 84M->26M(512M) 29.840ms
[2020-07-09T00:31:37.271+0000][5.772s] GC(5) User=0.08s Sys=0.01s Real=0.03s
[2020-07-09T00:31:37.308+0000][5.809s] GC(6) Pause Young (Concurrent Start) (Metadata GC Threshold)
[2020-07-09T00:31:37.308+0000][5.810s] GC(6) Using 4 workers of 4 for evacuation
[2020-07-09T00:31:37.317+0000][5.819s] GC(6)   Pre Evacuate Collection Set: 0.1ms
[2020-07-09T00:31:37.318+0000][5.819s] GC(6)   Evacuate Collection Set: 6.6ms
[2020-07-09T00:31:37.318+0000][5.820s] GC(6)   Post Evacuate Collection Set: 1.2ms
[2020-07-09T00:31:37.319+0000][5.820s] GC(6)   Other: 1.7ms
[2020-07-09T00:31:37.319+0000][5.821s] GC(6) Eden regions: 3->0(85)
[2020-07-09T00:31:37.320+0000][5.821s] GC(6) Survivor regions: 4->4(13)
[2020-07-09T00:31:37.320+0000][5.822s] GC(6) Old regions: 19->19
[2020-07-09T00:31:37.320+0000][5.822s] GC(6) Humongous regions: 4->4
[2020-07-09T00:31:37.321+0000][5.822s] GC(6) Metaspace: 34936K->34936K(1081344K)
[2020-07-09T00:31:37.321+0000][5.823s] GC(6) Pause Young (Concurrent Start) (Metadata GC Threshold) 28M->26M(512M) 13.902ms
[2020-07-09T00:31:37.322+0000][5.823s] GC(6) User=0.03s Sys=0.00s Real=0.01s
[2020-07-09T00:31:37.322+0000][5.824s] GC(7) Concurrent Cycle
[2020-07-09T00:31:37.323+0000][5.824s] GC(7) Concurrent Clear Claimed Marks
[2020-07-09T00:31:37.323+0000][5.825s] GC(7) Concurrent Clear Claimed Marks 0.608ms
[2020-07-09T00:31:37.324+0000][5.825s] GC(7) Concurrent Scan Root Regions
[2020-07-09T00:31:37.331+0000][5.832s] GC(7) Concurrent Scan Root Regions 6.746ms
[2020-07-09T00:31:37.331+0000][5.833s] GC(7) Concurrent Mark (5.833s)
[2020-07-09T00:31:37.332+0000][5.833s] GC(7) Concurrent Mark From Roots
[2020-07-09T00:31:37.332+0000][5.834s] GC(7) Using 1 workers of 1 for marking
[2020-07-09T00:31:37.376+0000][5.878s] GC(7) Concurrent Mark From Roots 44.321ms
[2020-07-09T00:31:37.377+0000][5.879s] GC(7) Concurrent Preclean
[2020-07-09T00:31:37.379+0000][5.880s] GC(7) Concurrent Preclean 1.380ms
[2020-07-09T00:31:37.379+0000][5.881s] GC(7) Concurrent Mark (5.833s, 5.881s) 48.065ms
[2020-07-09T00:31:37.380+0000][5.882s] GC(7) Pause Remark
[2020-07-09T00:31:37.391+0000][5.892s] GC(7) Cleaned string and symbol table, strings: 16828 processed, 22 removed, symbols: 107489 processed, 51 removed
[2020-07-09T00:31:37.392+0000][5.894s] GC(7) Pause Remark 28M->28M(512M) 12.196ms
[2020-07-09T00:31:37.393+0000][5.895s] GC(7) User=0.03s Sys=0.00s Real=0.02s
[2020-07-09T00:31:37.394+0000][5.896s] GC(7) Concurrent Rebuild Remembered Sets
[2020-07-09T00:31:37.439+0000][5.940s] GC(7) Concurrent Rebuild Remembered Sets 44.290ms
[2020-07-09T00:31:37.440+0000][5.941s] GC(7) Pause Cleanup
[2020-07-09T00:31:37.441+0000][5.942s] GC(7) Pause Cleanup 31M->31M(512M) 0.840ms
[2020-07-09T00:31:37.441+0000][5.943s] GC(7) User=0.00s Sys=0.00s Real=0.00s
[2020-07-09T00:31:37.442+0000][5.943s] GC(7) Concurrent Cleanup for Next Mark
[2020-07-09T00:31:37.444+0000][5.946s] GC(7) Concurrent Cleanup for Next Mark 2.121ms
[2020-07-09T00:31:37.445+0000][5.946s] GC(7) Concurrent Cycle 122.409ms
[2020-07-09T00:31:38.480+0000][6.982s] GC(8) Pause Young (Normal) (G1 Evacuation Pause)
[2020-07-09T00:31:38.481+0000][6.983s] GC(8) Using 4 workers of 4 for evacuation
[2020-07-09T00:31:38.503+0000][7.004s] GC(8)   Pre Evacuate Collection Set: 0.1ms
[2020-07-09T00:31:38.503+0000][7.005s] GC(8)   Evacuate Collection Set: 18.8ms
[2020-07-09T00:31:38.504+0000][7.005s] GC(8)   Post Evacuate Collection Set: 2.4ms
[2020-07-09T00:31:38.504+0000][7.006s] GC(8)   Other: 1.5ms
[2020-07-09T00:31:38.505+0000][7.006s] GC(8) Eden regions: 90->0(122)
[2020-07-09T00:31:38.505+0000][7.007s] GC(8) Survivor regions: 4->6(12)
[2020-07-09T00:31:38.506+0000][7.007s] GC(8) Old regions: 19->19
[2020-07-09T00:31:38.506+0000][7.007s] GC(8) Humongous regions: 4->4
[2020-07-09T00:31:38.506+0000][7.008s] GC(8) Metaspace: 38938K->38938K(1085440K)
[2020-07-09T00:31:38.507+0000][7.008s] GC(8) Pause Young (Normal) (G1 Evacuation Pause) 116M->28M(512M) 26.141ms
[2020-07-09T00:31:38.507+0000][7.009s] GC(8) User=0.07s Sys=0.02s Real=0.03s
[2020-07-09T00:31:39.182+0000][7.684s] GC(9) Pause Young (Normal) (G1 Evacuation Pause)
[2020-07-09T00:31:39.183+0000][7.684s] GC(9) Using 4 workers of 4 for evacuation
[2020-07-09T00:31:39.207+0000][7.709s] GC(9)   Pre Evacuate Collection Set: 0.1ms
[2020-07-09T00:31:39.208+0000][7.709s] GC(9)   Evacuate Collection Set: 21.0ms
[2020-07-09T00:31:39.208+0000][7.710s] GC(9)   Post Evacuate Collection Set: 2.0ms
[2020-07-09T00:31:39.209+0000][7.710s] GC(9)   Other: 1.7ms
[2020-07-09T00:31:39.209+0000][7.711s] GC(9) Eden regions: 122->0(160)
[2020-07-09T00:31:39.210+0000][7.711s] GC(9) Survivor regions: 6->8(16)
[2020-07-09T00:31:39.210+0000][7.712s] GC(9) Old regions: 19->19
[2020-07-09T00:31:39.210+0000][7.712s] GC(9) Humongous regions: 5->4
[2020-07-09T00:31:39.211+0000][7.712s] GC(9) Metaspace: 40955K->40955K(1085440K)
[2020-07-09T00:31:39.211+0000][7.713s] GC(9) Pause Young (Normal) (G1 Evacuation Pause) 151M->30M(512M) 29.098ms
[2020-07-09T00:31:39.212+0000][7.714s] GC(9) User=0.06s Sys=0.02s Real=0.03s
[2020-07-09T00:32:29.357+0000][57.893s] GC(10) Pause Young (Normal) (G1 Evacuation Pause)
[2020-07-09T00:32:29.360+0000][57.895s] GC(10) Using 4 workers of 4 for evacuation
[2020-07-09T00:32:29.410+0000][57.945s] GC(10)   Pre Evacuate Collection Set: 0.1ms
[2020-07-09T00:32:29.411+0000][57.946s] GC(10)   Evacuate Collection Set: 40.9ms
[2020-07-09T00:32:29.411+0000][57.947s] GC(10)   Post Evacuate Collection Set: 3.8ms
[2020-07-09T00:32:29.412+0000][57.948s] GC(10)   Other: 8.1ms
[2020-07-09T00:32:29.413+0000][57.948s] GC(10) Eden regions: 160->0(218)
[2020-07-09T00:32:29.413+0000][57.949s] GC(10) Survivor regions: 8->13(21)
[2020-07-09T00:32:29.414+0000][57.949s] GC(10) Old regions: 19->19
[2020-07-09T00:32:29.414+0000][57.950s] GC(10) Humongous regions: 4->4
[2020-07-09T00:32:29.414+0000][57.950s] GC(10) Metaspace: 49588K->49588K(1093632K)
[2020-07-09T00:32:29.415+0000][57.950s] GC(10) Pause Young (Normal) (G1 Evacuation Pause) 190M->35M(512M) 57.889ms
[2020-07-09T00:32:29.415+0000][57.951s] GC(10) User=0.12s Sys=0.05s Real=0.06s
